Archive member included to satisfy reference by file (symbol)

../libopencm3/lib/libopencm3_stm32f4.a(desig.o)
                              usbmidi.o (desig_get_unique_id_as_string)
../libopencm3/lib/libopencm3_stm32f4.a(rcc.o)
                              usbmidi.o (rcc_clock_setup_hse_3v3)
../libopencm3/lib/libopencm3_stm32f4.a(gpio_common_all.o)
                              usbmidi.o (gpio_set)
../libopencm3/lib/libopencm3_stm32f4.a(gpio_common_f0234.o)
                              usbmidi.o (gpio_mode_setup)
../libopencm3/lib/libopencm3_stm32f4.a(flash_common_f234.o)
                              ../libopencm3/lib/libopencm3_stm32f4.a(rcc.o) (flash_set_ws)
../libopencm3/lib/libopencm3_stm32f4.a(rcc_common_all.o)
                              usbmidi.o (rcc_periph_clock_enable)
../libopencm3/lib/libopencm3_stm32f4.a(usb.o)
                              usbmidi.o (usbd_init)
../libopencm3/lib/libopencm3_stm32f4.a(usb_standard.o)
                              usbmidi.o (usbd_register_set_config_callback)
../libopencm3/lib/libopencm3_stm32f4.a(usb_control.o)
                              ../libopencm3/lib/libopencm3_stm32f4.a(usb.o) (_usbd_control_setup)
../libopencm3/lib/libopencm3_stm32f4.a(usb_f107.o)
                              usbmidi.o (stm32f107_usb_driver)
../libopencm3/lib/libopencm3_stm32f4.a(vector.o)
                              (reset_handler)
../libopencm3/lib/libopencm3_stm32f4.a(pwr.o)
                              ../libopencm3/lib/libopencm3_stm32f4.a(rcc.o) (pwr_set_vos_scale)
../libopencm3/lib/libopencm3_stm32f4.a(usb_fx07_common.o)
                              ../libopencm3/lib/libopencm3_stm32f4.a(usb_f107.o) (stm32fx07_set_address)
/usr/lib/gcc/arm-none-eabi/6.2.0/../../../../arm-none-eabi/lib/armv7e-m/fpu/libc.a(lib_a-memcpy.o)
                              ../libopencm3/lib/libopencm3_stm32f4.a(usb_standard.o) (memcpy)
/usr/lib/gcc/arm-none-eabi/6.2.0/../../../../arm-none-eabi/lib/armv7e-m/fpu/libc.a(lib_a-strlen.o)
                              ../libopencm3/lib/libopencm3_stm32f4.a(usb_standard.o) (strlen)

Discarded input sections

 .text          0x0000000000000000        0x0 usbmidi.o
 .data          0x0000000000000000        0x0 usbmidi.o
 .bss           0x0000000000000000        0x0 usbmidi.o
 .group         0x0000000000000000        0x8 ../libopencm3/lib/libopencm3_stm32f4.a(desig.o)
 .group         0x0000000000000000        0x8 ../libopencm3/lib/libopencm3_stm32f4.a(desig.o)
 .group         0x0000000000000000        0x8 ../libopencm3/lib/libopencm3_stm32f4.a(desig.o)
 .group         0x0000000000000000        0x8 ../libopencm3/lib/libopencm3_stm32f4.a(desig.o)
 .group         0x0000000000000000        0x8 ../libopencm3/lib/libopencm3_stm32f4.a(desig.o)
 .group         0x0000000000000000        0x8 ../libopencm3/lib/libopencm3_stm32f4.a(desig.o)
 .group         0x0000000000000000        0x8 ../libopencm3/lib/libopencm3_stm32f4.a(desig.o)
 .group         0x0000000000000000        0x8 ../libopencm3/lib/libopencm3_stm32f4.a(desig.o)
 .group         0x0000000000000000        0x8 ../libopencm3/lib/libopencm3_stm32f4.a(desig.o)
 .group         0x0000000000000000        0x8 ../libopencm3/lib/libopencm3_stm32f4.a(desig.o)
 .group         0x0000000000000000        0x8 ../libopencm3/lib/libopencm3_stm32f4.a(desig.o)
 .text          0x0000000000000000        0x0 ../libopencm3/lib/libopencm3_stm32f4.a(desig.o)
 .data          0x0000000000000000        0x0 ../libopencm3/lib/libopencm3_stm32f4.a(desig.o)
 .bss           0x0000000000000000        0x0 ../libopencm3/lib/libopencm3_stm32f4.a(desig.o)
 .text.desig_get_flash_size
                0x0000000000000000        0xc ../libopencm3/lib/libopencm3_stm32f4.a(desig.o)
 .text.desig_get_unique_id_as_dfu
                0x0000000000000000       0xa4 ../libopencm3/lib/libopencm3_stm32f4.a(desig.o)
 .group         0x0000000000000000        0x8 ../libopencm3/lib/libopencm3_stm32f4.a(rcc.o)
 .group         0x0000000000000000        0x8 ../libopencm3/lib/libopencm3_stm32f4.a(rcc.o)
 .group         0x0000000000000000        0x8 ../libopencm3/lib/libopencm3_stm32f4.a(rcc.o)
 .group         0x0000000000000000        0x8 ../libopencm3/lib/libopencm3_stm32f4.a(rcc.o)
 .group         0x0000000000000000        0x8 ../libopencm3/lib/libopencm3_stm32f4.a(rcc.o)
 .group         0x0000000000000000        0x8 ../libopencm3/lib/libopencm3_stm32f4.a(rcc.o)
 .group         0x0000000000000000        0x8 ../libopencm3/lib/libopencm3_stm32f4.a(rcc.o)
 .group         0x0000000000000000        0x8 ../libopencm3/lib/libopencm3_stm32f4.a(rcc.o)
 .group         0x0000000000000000        0x8 ../libopencm3/lib/libopencm3_stm32f4.a(rcc.o)
 .group         0x0000000000000000        0x8 ../libopencm3/lib/libopencm3_stm32f4.a(rcc.o)
 .group         0x0000000000000000        0x8 ../libopencm3/lib/libopencm3_stm32f4.a(rcc.o)
 .group         0x0000000000000000        0x8 ../libopencm3/lib/libopencm3_stm32f4.a(rcc.o)
[...]
Memory Configuration

Name             Origin             Length             Attributes
rom              0x0000000008000000 0x0000000000100000 xr
ram              0x0000000020000000 0x0000000000020000 xrw
ccm              0x0000000010000000 0x0000000000010000 xrw
*default*        0x0000000000000000 0xffffffffffffffff

Linker script and memory map

LOAD usbmidi.o
LOAD ../libopencm3/lib/libopencm3_stm32f4.a
START GROUP
LOAD /usr/lib/gcc/arm-none-eabi/6.2.0/../../../../arm-none-eabi/lib/armv7e-m/fpu/libc.a
LOAD /usr/lib/gcc/arm-none-eabi/6.2.0/armv7e-m/fpu/libgcc.a
LOAD /usr/lib/gcc/arm-none-eabi/6.2.0/../../../../arm-none-eabi/lib/armv7e-m/fpu/libnosys.a
END GROUP
START GROUP
LOAD /usr/lib/gcc/arm-none-eabi/6.2.0/armv7e-m/fpu/libgcc.a
LOAD /usr/lib/gcc/arm-none-eabi/6.2.0/../../../../arm-none-eabi/lib/armv7e-m/fpu/libc.a
END GROUP

.text           0x0000000008000000     0x1cd8
 *(.vectors)
 .vectors       0x0000000008000000      0x1ac ../libopencm3/lib/libopencm3_stm32f4.a(vector.o)
                0x0000000008000000                vector_table
 *(.text*)
 .text.usbmidi_set_config
                0x00000000080001ac       0x2c usbmidi.o
 .text.usbmidi_data_rx_cb
                0x00000000080001d8       0x3c usbmidi.o
 .text.BufferIn
                0x0000000008000214       0x28 usbmidi.o
                0x0000000008000214                BufferIn
 .text.BufferOut
                0x000000000800023c       0x30 usbmidi.o
                0x000000000800023c                BufferOut
 .text.clock_setup
                0x000000000800026c        0xc usbmidi.o
                0x000000000800026c                clock_setup
 .text.gpio_setup
                0x0000000008000278       0x8c usbmidi.o
                0x0000000008000278                gpio_setup
 .text.key_scan
                0x0000000008000304      0x26c usbmidi.o
                0x0000000008000304                key_scan
 .text.startup.main
                0x0000000008000570       0xe0 usbmidi.o
                0x0000000008000570                main
 .text.desig_get_unique_id
                0x0000000008000650       0x20 ../libopencm3/lib/libopencm3_stm32f4.a(desig.o)
                0x0000000008000650                desig_get_unique_id
 .text.desig_get_unique_id_as_string
                0x0000000008000670       0x70 ../libopencm3/lib/libopencm3_stm32f4.a(desig.o)
                0x0000000008000670                desig_get_unique_id_as_string
 .text.rcc_is_osc_ready
                0x00000000080006e0       0x5c ../libopencm3/lib/libopencm3_stm32f4.a(rcc.o)
                0x00000000080006e0                rcc_is_osc_ready
 .text.rcc_wait_for_osc_ready
                0x000000000800073c       0x10 ../libopencm3/lib/libopencm3_stm32f4.a(rcc.o)
                0x000000000800073c                rcc_wait_for_osc_ready
 .text.rcc_osc_on
                0x000000000800074c       0x58 ../libopencm3/lib/libopencm3_stm32f4.a(rcc.o)
                0x000000000800074c                rcc_osc_on
 .text.rcc_osc_off
                0x00000000080007a4       0x58 ../libopencm3/lib/libopencm3_stm32f4.a(rcc.o)
                0x00000000080007a4                rcc_osc_off
 .text.rcc_set_sysclk_source
                0x00000000080007fc       0x14 ../libopencm3/lib/libopencm3_stm32f4.a(rcc.o)
                0x00000000080007fc                rcc_set_sysclk_source
 .text.rcc_set_ppre2
                0x0000000008000810       0x14 ../libopencm3/lib/libopencm3_stm32f4.a(rcc.o)
                0x0000000008000810                rcc_set_ppre2
 .text.rcc_set_ppre1
                0x0000000008000824       0x14 ../libopencm3/lib/libopencm3_stm32f4.a(rcc.o)
                0x0000000008000824                rcc_set_ppre1
 .text.rcc_set_hpre
                0x0000000008000838       0x14 ../libopencm3/lib/libopencm3_stm32f4.a(rcc.o)
                0x0000000008000838                rcc_set_hpre
 .text.rcc_set_main_pll_hse
                0x000000000800084c       0x44 ../libopencm3/lib/libopencm3_stm32f4.a(rcc.o)
                0x000000000800084c                rcc_set_main_pll_hse
 .text.rcc_clock_setup_hse_3v3
                0x0000000008000890       0xac ../libopencm3/lib/libopencm3_stm32f4.a(rcc.o)
                0x0000000008000890                rcc_clock_setup_hse_3v3
 .text.gpio_set
                0x000000000800093c        0x4 ../libopencm3/lib/libopencm3_stm32f4.a(gpio_common_all.o)
                0x000000000800093c                gpio_set
 .text.gpio_clear
                0x0000000008000940        0x6 ../libopencm3/lib/libopencm3_stm32f4.a(gpio_common_all.o)
                0x0000000008000940                gpio_clear
 .text.gpio_get
                0x0000000008000946        0x6 ../libopencm3/lib/libopencm3_stm32f4.a(gpio_common_all.o)
                0x0000000008000946                gpio_get
 .text.gpio_toggle
                0x000000000800094c       0x12 ../libopencm3/lib/libopencm3_stm32f4.a(gpio_common_all.o)
                0x000000000800094c                gpio_toggle
 .text.gpio_mode_setup
                0x000000000800095e       0x44 ../libopencm3/lib/libopencm3_stm32f4.a(gpio_common_f0234.o)
                0x000000000800095e                gpio_mode_setup
 .text.gpio_set_af
                0x00000000080009a2       0x58 ../libopencm3/lib/libopencm3_stm32f4.a(gpio_common_f0234.o)
                0x00000000080009a2                gpio_set_af
 *fill*         0x00000000080009fa        0x2 
 .text.flash_set_ws
                0x00000000080009fc       0x14 ../libopencm3/lib/libopencm3_stm32f4.a(flash_common_f234.o)
                0x00000000080009fc                flash_set_ws
 .text.rcc_periph_clock_enable
                0x0000000008000a10       0x1a ../libopencm3/lib/libopencm3_stm32f4.a(rcc_common_all.o)
                0x0000000008000a10                rcc_periph_clock_enable
 *fill*         0x0000000008000a2a        0x2 
 .text.usbd_init
                0x0000000008000a2c       0x58 ../libopencm3/lib/libopencm3_stm32f4.a(usb.o)
                0x0000000008000a2c                usbd_init
 .text.usbd_poll
                0x0000000008000a84        0x8 ../libopencm3/lib/libopencm3_stm32f4.a(usb.o)
                0x0000000008000a84                usbd_poll
 .text.usbd_ep_setup
                0x0000000008000a8c       0x10 ../libopencm3/lib/libopencm3_stm32f4.a(usb.o)
                0x0000000008000a8c                usbd_ep_setup
 .text._usbd_reset
                0x0000000008000a9c       0x34 ../libopencm3/lib/libopencm3_stm32f4.a(usb.o)
                0x0000000008000a9c                _usbd_reset
 .text.usbd_ep_write_packet
                0x0000000008000ad0       0x10 ../libopencm3/lib/libopencm3_stm32f4.a(usb.o)
                0x0000000008000ad0                usbd_ep_write_packet
 .text.usbd_ep_read_packet
                0x0000000008000ae0       0x10 ../libopencm3/lib/libopencm3_stm32f4.a(usb.o)
                0x0000000008000ae0                usbd_ep_read_packet
 .text.usbd_ep_stall_set
                0x0000000008000af0        0x8 ../libopencm3/lib/libopencm3_stm32f4.a(usb.o)
                0x0000000008000af0                usbd_ep_stall_set
 .text.usbd_ep_stall_get
                0x0000000008000af8        0x8 ../libopencm3/lib/libopencm3_stm32f4.a(usb.o)
                0x0000000008000af8                usbd_ep_stall_get
 .text.usb_standard_set_configuration
                0x0000000008000b00       0x96 ../libopencm3/lib/libopencm3_stm32f4.a(usb_standard.o)
 .text.usb_standard_get_configuration
                0x0000000008000b96       0x22 ../libopencm3/lib/libopencm3_stm32f4.a(usb_standard.o)
 .text.usb_standard_get_interface
                0x0000000008000bb8       0x38 ../libopencm3/lib/libopencm3_stm32f4.a(usb_standard.o)
 .text.usb_standard_interface_get_status
                0x0000000008000bf0       0x18 ../libopencm3/lib/libopencm3_stm32f4.a(usb_standard.o)
 .text.usb_standard_endpoint_get_status
                0x0000000008000c08       0x2a ../libopencm3/lib/libopencm3_stm32f4.a(usb_standard.o)
 .text.usb_standard_endpoint_stall
                0x0000000008000c32       0x10 ../libopencm3/lib/libopencm3_stm32f4.a(usb_standard.o)
 .text.usb_standard_endpoint_unstall
                0x0000000008000c42       0x10 ../libopencm3/lib/libopencm3_stm32f4.a(usb_standard.o)
 .text.usb_standard_set_address
                0x0000000008000c52       0x28 ../libopencm3/lib/libopencm3_stm32f4.a(usb_standard.o)
 .text.usb_standard_set_interface
                0x0000000008000c7a       0x4e ../libopencm3/lib/libopencm3_stm32f4.a(usb_standard.o)
 .text.usb_standard_get_descriptor
                0x0000000008000cc8      0x25c ../libopencm3/lib/libopencm3_stm32f4.a(usb_standard.o)
 .text.usb_standard_device_get_status
                0x0000000008000f24       0x18 ../libopencm3/lib/libopencm3_stm32f4.a(usb_standard.o)
 .text.usbd_register_set_config_callback
                0x0000000008000f3c       0x24 ../libopencm3/lib/libopencm3_stm32f4.a(usb_standard.o)
                0x0000000008000f3c                usbd_register_set_config_callback
 .text._usbd_standard_request_device
                0x0000000008000f60       0x20 ../libopencm3/lib/libopencm3_stm32f4.a(usb_standard.o)
                0x0000000008000f60                _usbd_standard_request_device
 .text._usbd_standard_request_interface
                0x0000000008000f80       0x20 ../libopencm3/lib/libopencm3_stm32f4.a(usb_standard.o)
                0x0000000008000f80                _usbd_standard_request_interface
 .text._usbd_standard_request_endpoint
                0x0000000008000fa0       0x40 ../libopencm3/lib/libopencm3_stm32f4.a(usb_standard.o)
                0x0000000008000fa0                _usbd_standard_request_endpoint
 .text._usbd_standard_request
                0x0000000008000fe0       0x38 ../libopencm3/lib/libopencm3_stm32f4.a(usb_standard.o)
                0x0000000008000fe0                _usbd_standard_request
 .text.stall_transaction
                0x0000000008001018       0x14 ../libopencm3/lib/libopencm3_stm32f4.a(usb_control.o)
 .text.usb_control_recv_chunk
                0x000000000800102c       0x3c ../libopencm3/lib/libopencm3_stm32f4.a(usb_control.o)
 .text.usb_control_send_chunk
                0x0000000008001068       0x54 ../libopencm3/lib/libopencm3_stm32f4.a(usb_control.o)
 .text.usb_control_request_dispatch
                0x00000000080010bc       0x62 ../libopencm3/lib/libopencm3_stm32f4.a(usb_control.o)
 .text.usb_control_setup_read
                0x000000000800111e       0x6a ../libopencm3/lib/libopencm3_stm32f4.a(usb_control.o)
 .text._usbd_control_setup
                0x0000000008001188       0x5a ../libopencm3/lib/libopencm3_stm32f4.a(usb_control.o)
                0x0000000008001188                _usbd_control_setup
 .text._usbd_control_out
                0x00000000080011e2       0x84 ../libopencm3/lib/libopencm3_stm32f4.a(usb_control.o)
                0x00000000080011e2                _usbd_control_out
 .text._usbd_control_in
                0x0000000008001266       0x56 ../libopencm3/lib/libopencm3_stm32f4.a(usb_control.o)
                0x0000000008001266                _usbd_control_in
 .text.stm32f107_usbd_init
                0x00000000080012bc       0xd0 ../libopencm3/lib/libopencm3_stm32f4.a(usb_f107.o)
 .text.blocking_handler
                0x000000000800138c        0x2 ../libopencm3/lib/libopencm3_stm32f4.a(vector.o)
                0x000000000800138c                dma2_stream1_isr
                0x000000000800138c                tim8_brk_tim12_isr
                0x000000000800138c                dma1_stream7_isr
                0x000000000800138c                usart3_isr
                0x000000000800138c                tim7_isr
                0x000000000800138c                dma2d_isr
                0x000000000800138c                uart8_isr
                0x000000000800138c                dma1_stream2_isr
                0x000000000800138c                otg_hs_isr
                0x000000000800138c                blocking_handler
                0x000000000800138c                tim5_isr
                0x000000000800138c                rtc_wkup_isr
                0x000000000800138c                otg_fs_isr
                0x000000000800138c                spi1_isr
                0x000000000800138c                i2c3_er_isr
                0x000000000800138c                exti2_isr
                0x000000000800138c                spi5_isr
                0x000000000800138c                usb_fs_wkup_isr
                0x000000000800138c                tamp_stamp_isr
                0x000000000800138c                can1_rx1_isr
                0x000000000800138c                dma2_stream0_isr
                0x000000000800138c                usart1_isr
                0x000000000800138c                i2c3_ev_isr
                0x000000000800138c                usage_fault_handler
                0x000000000800138c                can2_rx0_isr
                0x000000000800138c                dma1_stream6_isr
                0x000000000800138c                can2_rx1_isr
                0x000000000800138c                can1_sce_isr
                0x000000000800138c                tim1_cc_isr
                0x000000000800138c                can1_tx_isr
                0x000000000800138c                tim1_up_tim10_isr
                0x000000000800138c                sdio_isr
                0x000000000800138c                eth_isr
                0x000000000800138c                spi6_isr
                0x000000000800138c                dma2_stream5_isr
                0x000000000800138c                pvd_isr
                0x000000000800138c                can1_rx0_isr
                0x000000000800138c                rcc_isr
                0x000000000800138c                dma2_stream3_isr
                0x000000000800138c                flash_isr
                0x000000000800138c                uart4_isr
                0x000000000800138c                lcd_tft_isr
                0x000000000800138c                rtc_alarm_isr
                0x000000000800138c                exti15_10_isr
                0x000000000800138c                hash_rng_isr
                0x000000000800138c                tim1_trg_com_tim11_isr
                0x000000000800138c                hard_fault_handler
                0x000000000800138c                exti1_isr
                0x000000000800138c                i2c1_ev_isr
                0x000000000800138c                usart6_isr
                0x000000000800138c                spi2_isr
                0x000000000800138c                cryp_isr
                0x000000000800138c                nvic_wwdg_isr
                0x000000000800138c                dma1_stream1_isr
                0x000000000800138c                dma2_stream4_isr
                0x000000000800138c                exti3_isr
                0x000000000800138c                tim3_isr
                0x000000000800138c                usart2_isr
                0x000000000800138c                sai1_isr
                0x000000000800138c                fpu_isr
                0x000000000800138c                dma1_stream4_isr
                0x000000000800138c                i2c2_er_isr
                0x000000000800138c                i2c2_ev_isr
                0x000000000800138c                uart5_isr
                0x000000000800138c                dma2_stream6_isr
                0x000000000800138c                spi4_isr
                0x000000000800138c                adc_isr
                0x000000000800138c                dma2_stream7_isr
                0x000000000800138c                tim8_up_tim13_isr
                0x000000000800138c                fsmc_isr
                0x000000000800138c                exti4_isr
                0x000000000800138c                tim6_dac_isr
                0x000000000800138c                dma1_stream3_isr
                0x000000000800138c                tim8_trg_com_tim14_isr
                0x000000000800138c                mem_manage_handler
                0x000000000800138c                lcd_tft_err_isr
                0x000000000800138c                can2_tx_isr
                0x000000000800138c                exti9_5_isr
                0x000000000800138c                tim1_brk_tim9_isr
                0x000000000800138c                uart7_isr
                0x000000000800138c                can2_sce_isr
                0x000000000800138c                tim4_isr
                0x000000000800138c                otg_hs_wkup_isr
                0x000000000800138c                i2c1_er_isr
                0x000000000800138c                dma1_stream0_isr
                0x000000000800138c                tim8_cc_isr
                0x000000000800138c                dcmi_isr
                0x000000000800138c                dma2_stream2_isr
                0x000000000800138c                eth_wkup_isr
                0x000000000800138c                bus_fault_handler
                0x000000000800138c                otg_hs_ep1_out_isr
                0x000000000800138c                spi3_isr
                0x000000000800138c                dma1_stream5_isr
                0x000000000800138c                otg_hs_ep1_in_isr
                0x000000000800138c                tim2_isr
                0x000000000800138c                exti0_isr
 .text.null_handler
                0x000000000800138e        0x2 ../libopencm3/lib/libopencm3_stm32f4.a(vector.o)
                0x000000000800138e                null_handler
                0x000000000800138e                sv_call_handler
                0x000000000800138e                pend_sv_handler
                0x000000000800138e                debug_monitor_handler
                0x000000000800138e                sys_tick_handler
                0x000000000800138e                nmi_handler
 .text.reset_handler
                0x0000000008001390       0x98 ../libopencm3/lib/libopencm3_stm32f4.a(vector.o)
                0x0000000008001390                reset_handler
 .text.pwr_set_vos_scale
                0x0000000008001428       0x20 ../libopencm3/lib/libopencm3_stm32f4.a(pwr.o)
                0x0000000008001428                pwr_set_vos_scale
 .text.stm32fx07_set_address
                0x0000000008001448       0x18 ../libopencm3/lib/libopencm3_stm32f4.a(usb_fx07_common.o)
                0x0000000008001448                stm32fx07_set_address
 .text.stm32fx07_ep_setup
                0x0000000008001460      0x142 ../libopencm3/lib/libopencm3_stm32f4.a(usb_fx07_common.o)
                0x0000000008001460                stm32fx07_ep_setup
 .text.stm32fx07_endpoints_reset
                0x00000000080015a2       0x4c ../libopencm3/lib/libopencm3_stm32f4.a(usb_fx07_common.o)
                0x00000000080015a2                stm32fx07_endpoints_reset
 .text.stm32fx07_ep_stall_set
                0x00000000080015ee       0x4e ../libopencm3/lib/libopencm3_stm32f4.a(usb_fx07_common.o)
                0x00000000080015ee                stm32fx07_ep_stall_set
 .text.stm32fx07_ep_stall_get
                0x000000000800163c       0x1e ../libopencm3/lib/libopencm3_stm32f4.a(usb_fx07_common.o)
                0x000000000800163c                stm32fx07_ep_stall_get
 .text.stm32fx07_ep_nak_set
                0x000000000800165a       0x2a ../libopencm3/lib/libopencm3_stm32f4.a(usb_fx07_common.o)
                0x000000000800165a                stm32fx07_ep_nak_set
 .text.stm32fx07_ep_write_packet
                0x0000000008001684       0x54 ../libopencm3/lib/libopencm3_stm32f4.a(usb_fx07_common.o)
                0x0000000008001684                stm32fx07_ep_write_packet
 .text.stm32fx07_ep_read_packet
                0x00000000080016d8       0x90 ../libopencm3/lib/libopencm3_stm32f4.a(usb_fx07_common.o)
                0x00000000080016d8                stm32fx07_ep_read_packet
 .text.stm32fx07_poll
                0x0000000008001768      0x12c ../libopencm3/lib/libopencm3_stm32f4.a(usb_fx07_common.o)
                0x0000000008001768                stm32fx07_poll
 .text.stm32fx07_disconnect
                0x0000000008001894       0x1c ../libopencm3/lib/libopencm3_stm32f4.a(usb_fx07_common.o)
                0x0000000008001894                stm32fx07_disconnect
 .text          0x00000000080018b0      0x134 /usr/lib/gcc/arm-none-eabi/6.2.0/../../../../arm-none-eabi/lib/armv7e-m/fpu/libc.a(lib_a-memcpy.o)
                0x00000000080018b0                memcpy
 *fill*         0x00000000080019e4       0x1c 
 .text          0x0000000008001a00       0xdc /usr/lib/gcc/arm-none-eabi/6.2.0/../../../../arm-none-eabi/lib/armv7e-m/fpu/libc.a(lib_a-strlen.o)
                0x0000000008001a00                strlen
                0x0000000008001adc                . = ALIGN (0x4)
 *(.rodata*)
 .rodata.audio_control_functional_descriptors
                0x0000000008001adc        0x9 usbmidi.o
 .rodata.audio_control_iface
                0x0000000008001ae5       0x15 usbmidi.o
 .rodata.bulk_endp
                0x0000000008001afa       0x1e usbmidi.o
 .rodata.config
                0x0000000008001b18        0xd usbmidi.o
 .rodata.dev    0x0000000008001b25       0x12 usbmidi.o
 *fill*         0x0000000008001b37        0x1 
 .rodata.ifaces
                0x0000000008001b38       0x20 usbmidi.o
 .rodata.midi_bulk_endp
                0x0000000008001b58        0xa usbmidi.o
 .rodata.midi_streaming_functional_descriptors
                0x0000000008001b62       0x25 usbmidi.o
 .rodata.midi_streaming_iface
                0x0000000008001b87       0x15 usbmidi.o
 .rodata.str1.1
                0x0000000008001b9c       0x19 usbmidi.o
 .rodata.sysex_identity
                0x0000000008001bb5       0x14 usbmidi.o
                0x0000000008001bb5                sysex_identity
 .rodata.desig_get_unique_id_as_string.str1.1
                0x0000000008001bc9       0x11 ../libopencm3/lib/libopencm3_stm32f4.a(desig.o)
 *fill*         0x0000000008001bda        0x2 
 .rodata.rcc_hse_8mhz_3v3
                0x0000000008001bdc       0x70 ../libopencm3/lib/libopencm3_stm32f4.a(rcc.o)
                0x0000000008001bdc                rcc_hse_8mhz_3v3
 .rodata.CSWTCH.24
                0x0000000008001c4c       0x28 ../libopencm3/lib/libopencm3_stm32f4.a(usb_standard.o)
 .rodata.CSWTCH.26
                0x0000000008001c74       0x30 ../libopencm3/lib/libopencm3_stm32f4.a(usb_standard.o)
 .rodata.stm32f107_usb_driver
                0x0000000008001ca4       0x34 ../libopencm3/lib/libopencm3_stm32f4.a(usb_f107.o)
                0x0000000008001ca4                stm32f107_usb_driver
                0x0000000008001cd8                . = ALIGN (0x4)

.glue_7         0x0000000008001cd8        0x0
 .glue_7        0x0000000008001cd8        0x0 linker stubs

.glue_7t        0x0000000008001cd8        0x0
 .glue_7t       0x0000000008001cd8        0x0 linker stubs

.vfp11_veneer   0x0000000008001cd8        0x0
 .vfp11_veneer  0x0000000008001cd8        0x0 linker stubs

.v4_bx          0x0000000008001cd8        0x0
 .v4_bx         0x0000000008001cd8        0x0 linker stubs

.iplt           0x0000000008001cd8        0x0
 .iplt          0x0000000008001cd8        0x0 usbmidi.o

.rel.dyn        0x0000000008001cd8        0x0
 .rel.iplt      0x0000000008001cd8        0x0 usbmidi.o

.preinit_array  0x0000000008001cd8        0x0
                0x0000000008001cd8                . = ALIGN (0x4)
                0x0000000008001cd8                __preinit_array_start = .
 *(.preinit_array)
                0x0000000008001cd8                __preinit_array_end = .

.init_array     0x0000000008001cd8        0x0
                0x0000000008001cd8                . = ALIGN (0x4)
                0x0000000008001cd8                __init_array_start = .
 *(SORT(.init_array.*))
 *(.init_array)
                0x0000000008001cd8                __init_array_end = .

.fini_array     0x0000000008001cd8        0x0
                0x0000000008001cd8                . = ALIGN (0x4)
                0x0000000008001cd8                __fini_array_start = .
 *(.fini_array)
 *(SORT(.fini_array.*))
                0x0000000008001cd8                __fini_array_end = .

.ARM.extab
 *(.ARM.extab*)

.ARM.exidx      0x0000000008001cd8        0x0
                0x0000000008001cd8                __exidx_start = .
 *(.ARM.exidx*)
                0x0000000008001cd8                __exidx_end = .
                0x0000000008001cd8                . = ALIGN (0x4)
                0x0000000008001cd8                _etext = .

.data           0x0000000020000000       0x18 load address 0x0000000008001cd8
                0x0000000020000000                _data = .
 *(.data*)
 .data.usb_strings
                0x0000000020000000        0xc usbmidi.o
 .data.rcc_ahb_frequency
                0x000000002000000c        0x4 ../libopencm3/lib/libopencm3_stm32f4.a(rcc.o)
                0x000000002000000c                rcc_ahb_frequency
 .data.rcc_apb1_frequency
                0x0000000020000010        0x4 ../libopencm3/lib/libopencm3_stm32f4.a(rcc.o)
                0x0000000020000010                rcc_apb1_frequency
 .data.rcc_apb2_frequency
                0x0000000020000014        0x4 ../libopencm3/lib/libopencm3_stm32f4.a(rcc.o)
                0x0000000020000014                rcc_apb2_frequency
                0x0000000020000018                . = ALIGN (0x4)
                0x0000000020000018                _edata = .
                0x0000000008001cd8                _data_loadaddr = LOADADDR (.data)

.igot.plt       0x0000000020000018        0x0 load address 0x0000000008001cf0
 .igot.plt      0x0000000020000018        0x0 usbmidi.o

.bss            0x0000000020000018      0x220 load address 0x0000000008001cf0
 *(.bss*)
 .bss.buffer    0x0000000020000018       0x84 usbmidi.o
                0x0000000020000018                buffer
 .bss.button_state.6570
                0x000000002000009c        0x4 usbmidi.o
 .bss.usb_serial_number
                0x00000000200000a0       0x19 usbmidi.o
 .bss.usbd_control_buffer
                0x00000000200000b9       0x80 usbmidi.o
                0x00000000200000b9                usbd_control_buffer
 *fill*         0x0000000020000139        0x3 
 .bss.usbd_dev  0x000000002000013c       0xfc ../libopencm3/lib/libopencm3_stm32f4.a(usb_f107.o)
 *(COMMON)
                0x0000000020000238                . = ALIGN (0x4)
                0x0000000020000238                _ebss = .

/DISCARD/
 *(.eh_frame)
                0x0000000020000238                . = ALIGN (0x4)
                0x0000000020000238                end = .
                0x0000000020020000                PROVIDE (_stack, (ORIGIN (ram) + LENGTH (ram)))
OUTPUT(usbmidi.elf elf32-littlearm)

.debug_info     0x0000000000000000     0xb86a
 .debug_info    0x0000000000000000     0x23a9 usbmidi.o
 .debug_info    0x00000000000023a9      0x23c ../libopencm3/lib/libopencm3_stm32f4.a(desig.o)
 .debug_info    0x00000000000025e5      0x988 ../libopencm3/lib/libopencm3_stm32f4.a(rcc.o)
 .debug_info    0x0000000000002f6d      0x22c ../libopencm3/lib/libopencm3_stm32f4.a(gpio_common_all.o)
 .debug_info    0x0000000000003199      0x1eb ../libopencm3/lib/libopencm3_stm32f4.a(gpio_common_f0234.o)
 .debug_info    0x0000000000003384      0x11b ../libopencm3/lib/libopencm3_stm32f4.a(flash_common_f234.o)
 .debug_info    0x000000000000349f      0x9c2 ../libopencm3/lib/libopencm3_stm32f4.a(rcc_common_all.o)
 .debug_info    0x0000000000003e61     0x15e8 ../libopencm3/lib/libopencm3_stm32f4.a(usb.o)
 .debug_info    0x0000000000005449     0x1cb3 ../libopencm3/lib/libopencm3_stm32f4.a(usb_standard.o)
 .debug_info    0x00000000000070fc     0x1724 ../libopencm3/lib/libopencm3_stm32f4.a(usb_control.o)
 .debug_info    0x0000000000008820     0x175b ../libopencm3/lib/libopencm3_stm32f4.a(usb_f107.o)
 .debug_info    0x0000000000009f7b      0x2b7 ../libopencm3/lib/libopencm3_stm32f4.a(vector.o)
 .debug_info    0x000000000000a232       0xc2 ../libopencm3/lib/libopencm3_stm32f4.a(pwr.o)
 .debug_info    0x000000000000a2f4     0x1576 ../libopencm3/lib/libopencm3_stm32f4.a(usb_fx07_common.o)

.debug_abbrev   0x0000000000000000     0x1c59
 .debug_abbrev  0x0000000000000000      0x360 usbmidi.o
 .debug_abbrev  0x0000000000000360      0x101 ../libopencm3/lib/libopencm3_stm32f4.a(desig.o)
 .debug_abbrev  0x0000000000000461      0x23e ../libopencm3/lib/libopencm3_stm32f4.a(rcc.o)
 .debug_abbrev  0x000000000000069f       0xf4 ../libopencm3/lib/libopencm3_stm32f4.a(gpio_common_all.o)
 .debug_abbrev  0x0000000000000793       0xb7 ../libopencm3/lib/libopencm3_stm32f4.a(gpio_common_f0234.o)
 .debug_abbrev  0x000000000000084a       0x88 ../libopencm3/lib/libopencm3_stm32f4.a(flash_common_f234.o)
 .debug_abbrev  0x00000000000008d2      0x156 ../libopencm3/lib/libopencm3_stm32f4.a(rcc_common_all.o)
 .debug_abbrev  0x0000000000000a28      0x2ab ../libopencm3/lib/libopencm3_stm32f4.a(usb.o)
 .debug_abbrev  0x0000000000000cd3      0x4a1 ../libopencm3/lib/libopencm3_stm32f4.a(usb_standard.o)
 .debug_abbrev  0x0000000000001174      0x3d9 ../libopencm3/lib/libopencm3_stm32f4.a(usb_control.o)
 .debug_abbrev  0x000000000000154d      0x230 ../libopencm3/lib/libopencm3_stm32f4.a(usb_f107.o)
 .debug_abbrev  0x000000000000177d      0x13a ../libopencm3/lib/libopencm3_stm32f4.a(vector.o)
 .debug_abbrev  0x00000000000018b7       0x7b ../libopencm3/lib/libopencm3_stm32f4.a(pwr.o)
 .debug_abbrev  0x0000000000001932      0x327 ../libopencm3/lib/libopencm3_stm32f4.a(usb_fx07_common.o)

.debug_loc      0x0000000000000000     0x2f63
 .debug_loc     0x0000000000000000      0x160 usbmidi.o
 .debug_loc     0x0000000000000160      0x16c ../libopencm3/lib/libopencm3_stm32f4.a(desig.o)
 .debug_loc     0x00000000000002cc      0x5db ../libopencm3/lib/libopencm3_stm32f4.a(rcc.o)
 .debug_loc     0x00000000000008a7       0x97 ../libopencm3/lib/libopencm3_stm32f4.a(gpio_common_all.o)
 .debug_loc     0x000000000000093e       0xdd ../libopencm3/lib/libopencm3_stm32f4.a(gpio_common_f0234.o)
 .debug_loc     0x0000000000000a1b       0x3f ../libopencm3/lib/libopencm3_stm32f4.a(flash_common_f234.o)
 .debug_loc     0x0000000000000a5a      0x108 ../libopencm3/lib/libopencm3_stm32f4.a(rcc_common_all.o)
 .debug_loc     0x0000000000000b62      0x4b1 ../libopencm3/lib/libopencm3_stm32f4.a(usb.o)
 .debug_loc     0x0000000000001013     0x1111 ../libopencm3/lib/libopencm3_stm32f4.a(usb_standard.o)
 .debug_loc     0x0000000000002124      0x5ff ../libopencm3/lib/libopencm3_stm32f4.a(usb_control.o)
 .debug_loc     0x0000000000002723       0xea ../libopencm3/lib/libopencm3_stm32f4.a(vector.o)
 .debug_loc     0x000000000000280d      0x756 ../libopencm3/lib/libopencm3_stm32f4.a(usb_fx07_common.o)

.debug_aranges  0x0000000000000000      0x500
 .debug_aranges
                0x0000000000000000       0x58 usbmidi.o
 .debug_aranges
                0x0000000000000058       0x38 ../libopencm3/lib/libopencm3_stm32f4.a(desig.o)
 .debug_aranges
                0x0000000000000090       0xf0 ../libopencm3/lib/libopencm3_stm32f4.a(rcc.o)
 .debug_aranges
                0x0000000000000180       0x50 ../libopencm3/lib/libopencm3_stm32f4.a(gpio_common_all.o)
 .debug_aranges
                0x00000000000001d0       0x30 ../libopencm3/lib/libopencm3_stm32f4.a(gpio_common_f0234.o)
 .debug_aranges
                0x0000000000000200       0x50 ../libopencm3/lib/libopencm3_stm32f4.a(flash_common_f234.o)
 .debug_aranges
                0x0000000000000250       0x58 ../libopencm3/lib/libopencm3_stm32f4.a(rcc_common_all.o)
 .debug_aranges
                0x00000000000002a8       0x88 ../libopencm3/lib/libopencm3_stm32f4.a(usb.o)
 .debug_aranges
                0x0000000000000330       0x98 ../libopencm3/lib/libopencm3_stm32f4.a(usb_standard.o)
 .debug_aranges
                0x00000000000003c8       0x60 ../libopencm3/lib/libopencm3_stm32f4.a(usb_control.o)
 .debug_aranges
                0x0000000000000428       0x20 ../libopencm3/lib/libopencm3_stm32f4.a(usb_f107.o)
 .debug_aranges
                0x0000000000000448       0x30 ../libopencm3/lib/libopencm3_stm32f4.a(vector.o)
 .debug_aranges
                0x0000000000000478       0x20 ../libopencm3/lib/libopencm3_stm32f4.a(pwr.o)
 .debug_aranges
                0x0000000000000498       0x68 ../libopencm3/lib/libopencm3_stm32f4.a(usb_fx07_common.o)

.debug_ranges   0x0000000000000000      0x4e8
 .debug_ranges  0x0000000000000000       0x78 usbmidi.o
 .debug_ranges  0x0000000000000078       0x28 ../libopencm3/lib/libopencm3_stm32f4.a(desig.o)
 .debug_ranges  0x00000000000000a0       0xe0 ../libopencm3/lib/libopencm3_stm32f4.a(rcc.o)
 .debug_ranges  0x0000000000000180       0x40 ../libopencm3/lib/libopencm3_stm32f4.a(gpio_common_all.o)
 .debug_ranges  0x00000000000001c0       0x20 ../libopencm3/lib/libopencm3_stm32f4.a(gpio_common_f0234.o)
 .debug_ranges  0x00000000000001e0       0x40 ../libopencm3/lib/libopencm3_stm32f4.a(flash_common_f234.o)
 .debug_ranges  0x0000000000000220       0x48 ../libopencm3/lib/libopencm3_stm32f4.a(rcc_common_all.o)
 .debug_ranges  0x0000000000000268       0x78 ../libopencm3/lib/libopencm3_stm32f4.a(usb.o)
 .debug_ranges  0x00000000000002e0       0xe8 ../libopencm3/lib/libopencm3_stm32f4.a(usb_standard.o)
 .debug_ranges  0x00000000000003c8       0x70 ../libopencm3/lib/libopencm3_stm32f4.a(usb_control.o)
 .debug_ranges  0x0000000000000438       0x10 ../libopencm3/lib/libopencm3_stm32f4.a(usb_f107.o)
 .debug_ranges  0x0000000000000448       0x20 ../libopencm3/lib/libopencm3_stm32f4.a(vector.o)
 .debug_ranges  0x0000000000000468       0x10 ../libopencm3/lib/libopencm3_stm32f4.a(pwr.o)
 .debug_ranges  0x0000000000000478       0x70 ../libopencm3/lib/libopencm3_stm32f4.a(usb_fx07_common.o)

.debug_line     0x0000000000000000     0x2f7b
 .debug_line    0x0000000000000000      0x3f2 usbmidi.o
 .debug_line    0x00000000000003f2      0x267 ../libopencm3/lib/libopencm3_stm32f4.a(desig.o)
 .debug_line    0x0000000000000659      0x525 ../libopencm3/lib/libopencm3_stm32f4.a(rcc.o)
 .debug_line    0x0000000000000b7e      0x2d5 ../libopencm3/lib/libopencm3_stm32f4.a(gpio_common_all.o)
 .debug_line    0x0000000000000e53      0x2c7 ../libopencm3/lib/libopencm3_stm32f4.a(gpio_common_f0234.o)
 .debug_line    0x000000000000111a      0x2c8 ../libopencm3/lib/libopencm3_stm32f4.a(flash_common_f234.o)
 .debug_line    0x00000000000013e2      0x2af ../libopencm3/lib/libopencm3_stm32f4.a(rcc_common_all.o)
 .debug_line    0x0000000000001691      0x349 ../libopencm3/lib/libopencm3_stm32f4.a(usb.o)
 .debug_line    0x00000000000019da      0x4e5 ../libopencm3/lib/libopencm3_stm32f4.a(usb_standard.o)
 .debug_line    0x0000000000001ebf      0x396 ../libopencm3/lib/libopencm3_stm32f4.a(usb_control.o)
 .debug_line    0x0000000000002255      0x36f ../libopencm3/lib/libopencm3_stm32f4.a(usb_f107.o)
 .debug_line    0x00000000000025c4      0x2de ../libopencm3/lib/libopencm3_stm32f4.a(vector.o)
 .debug_line    0x00000000000028a2      0x225 ../libopencm3/lib/libopencm3_stm32f4.a(pwr.o)
 .debug_line    0x0000000000002ac7      0x4b4 ../libopencm3/lib/libopencm3_stm32f4.a(usb_fx07_common.o)

.debug_str      0x0000000000000000    0x15c8b
 .debug_str     0x0000000000000000     0x137b usbmidi.o
                                       0x1567 (size before relaxing)
 .debug_str     0x000000000000137b     0x4813 ../libopencm3/lib/libopencm3_stm32f4.a(desig.o)
                                       0x49fa (size before relaxing)
 .debug_str     0x0000000000005b8e     0x3dc1 ../libopencm3/lib/libopencm3_stm32f4.a(rcc.o)
                                       0x8859 (size before relaxing)
 .debug_str     0x000000000000994f     0x13f6 ../libopencm3/lib/libopencm3_stm32f4.a(gpio_common_all.o)
                                       0x5d12 (size before relaxing)
 .debug_str     0x000000000000ad45       0x7e ../libopencm3/lib/libopencm3_stm32f4.a(gpio_common_f0234.o)
                                       0x5d34 (size before relaxing)
 .debug_str     0x000000000000adc3       0x96 ../libopencm3/lib/libopencm3_stm32f4.a(flash_common_f234.o)
                                       0x504f (size before relaxing)
 .debug_str     0x000000000000ae59      0x3db ../libopencm3/lib/libopencm3_stm32f4.a(rcc_common_all.o)
                                       0x843e (size before relaxing)
 .debug_str     0x000000000000b234     0x34f3 ../libopencm3/lib/libopencm3_stm32f4.a(usb.o)
                                       0x75c1 (size before relaxing)
 .debug_str     0x000000000000e727      0x31c ../libopencm3/lib/libopencm3_stm32f4.a(usb_standard.o)
                                       0x7783 (size before relaxing)
 .debug_str     0x000000000000ea43      0x1f9 ../libopencm3/lib/libopencm3_stm32f4.a(usb_control.o)
                                       0x7697 (size before relaxing)
 .debug_str     0x000000000000ec3c     0x3381 ../libopencm3/lib/libopencm3_stm32f4.a(usb_f107.o)
                                       0xf08d (size before relaxing)
 .debug_str     0x0000000000011fbd     0x2a45 ../libopencm3/lib/libopencm3_stm32f4.a(vector.o)
                                       0x637e (size before relaxing)
 .debug_str     0x0000000000014a02        0x6 ../libopencm3/lib/libopencm3_stm32f4.a(pwr.o)
                                       0x4c44 (size before relaxing)
 .debug_str     0x0000000000014a08     0x1283 ../libopencm3/lib/libopencm3_stm32f4.a(usb_fx07_common.o)
                                       0xcba3 (size before relaxing)

.comment        0x0000000000000000       0x1d
 .comment       0x0000000000000000       0x1d usbmidi.o
                                         0x1e (size before relaxing)
 .comment       0x000000000000001d       0x1e ../libopencm3/lib/libopencm3_stm32f4.a(desig.o)
 .comment       0x000000000000001d       0x1e ../libopencm3/lib/libopencm3_stm32f4.a(rcc.o)
 .comment       0x000000000000001d       0x1e ../libopencm3/lib/libopencm3_stm32f4.a(gpio_common_all.o)
 .comment       0x000000000000001d       0x1e ../libopencm3/lib/libopencm3_stm32f4.a(gpio_common_f0234.o)
 .comment       0x000000000000001d       0x1e ../libopencm3/lib/libopencm3_stm32f4.a(flash_common_f234.o)
 .comment       0x000000000000001d       0x1e ../libopencm3/lib/libopencm3_stm32f4.a(rcc_common_all.o)
 .comment       0x000000000000001d       0x1e ../libopencm3/lib/libopencm3_stm32f4.a(usb.o)
 .comment       0x000000000000001d       0x1e ../libopencm3/lib/libopencm3_stm32f4.a(usb_standard.o)
 .comment       0x000000000000001d       0x1e ../libopencm3/lib/libopencm3_stm32f4.a(usb_control.o)
 .comment       0x000000000000001d       0x1e ../libopencm3/lib/libopencm3_stm32f4.a(usb_f107.o)
 .comment       0x000000000000001d       0x1e ../libopencm3/lib/libopencm3_stm32f4.a(vector.o)
 .comment       0x000000000000001d       0x1e ../libopencm3/lib/libopencm3_stm32f4.a(pwr.o)
 .comment       0x000000000000001d       0x1e ../libopencm3/lib/libopencm3_stm32f4.a(usb_fx07_common.o)

.ARM.attributes
                0x0000000000000000       0x37
 .ARM.attributes
                0x0000000000000000       0x39 usbmidi.o
 .ARM.attributes
                0x0000000000000039       0x39 ../libopencm3/lib/libopencm3_stm32f4.a(desig.o)
 .ARM.attributes
                0x0000000000000072       0x39 ../libopencm3/lib/libopencm3_stm32f4.a(rcc.o)
 .ARM.attributes
                0x00000000000000ab       0x39 ../libopencm3/lib/libopencm3_stm32f4.a(gpio_common_all.o)
 .ARM.attributes
                0x00000000000000e4       0x39 ../libopencm3/lib/libopencm3_stm32f4.a(gpio_common_f0234.o)
 .ARM.attributes
                0x000000000000011d       0x39 ../libopencm3/lib/libopencm3_stm32f4.a(flash_common_f234.o)
 .ARM.attributes
                0x0000000000000156       0x39 ../libopencm3/lib/libopencm3_stm32f4.a(rcc_common_all.o)
 .ARM.attributes
                0x000000000000018f       0x39 ../libopencm3/lib/libopencm3_stm32f4.a(usb.o)
 .ARM.attributes
                0x00000000000001c8       0x39 ../libopencm3/lib/libopencm3_stm32f4.a(usb_standard.o)
 .ARM.attributes
                0x0000000000000201       0x39 ../libopencm3/lib/libopencm3_stm32f4.a(usb_control.o)
 .ARM.attributes
                0x000000000000023a       0x39 ../libopencm3/lib/libopencm3_stm32f4.a(usb_f107.o)
 .ARM.attributes
                0x0000000000000273       0x39 ../libopencm3/lib/libopencm3_stm32f4.a(vector.o)
 .ARM.attributes
                0x00000000000002ac       0x39 ../libopencm3/lib/libopencm3_stm32f4.a(pwr.o)
 .ARM.attributes
                0x00000000000002e5       0x39 ../libopencm3/lib/libopencm3_stm32f4.a(usb_fx07_common.o)
 .ARM.attributes
                0x000000000000031e       0x20 /usr/lib/gcc/arm-none-eabi/6.2.0/../../../../arm-none-eabi/lib/armv7e-m/fpu/libc.a(lib_a-memcpy.o)
 .ARM.attributes
                0x000000000000033e       0x20 /usr/lib/gcc/arm-none-eabi/6.2.0/../../../../arm-none-eabi/lib/armv7e-m/fpu/libc.a(lib_a-strlen.o)

.debug_frame    0x0000000000000000      0xb84
 .debug_frame   0x0000000000000000       0xe4 usbmidi.o
 .debug_frame   0x00000000000000e4       0x7c ../libopencm3/lib/libopencm3_stm32f4.a(desig.o)
 .debug_frame   0x0000000000000160      0x1e8 ../libopencm3/lib/libopencm3_stm32f4.a(rcc.o)
 .debug_frame   0x0000000000000348       0x80 ../libopencm3/lib/libopencm3_stm32f4.a(gpio_common_all.o)
 .debug_frame   0x00000000000003c8       0x70 ../libopencm3/lib/libopencm3_stm32f4.a(gpio_common_f0234.o)
 .debug_frame   0x0000000000000438       0x80 ../libopencm3/lib/libopencm3_stm32f4.a(flash_common_f234.o)
 .debug_frame   0x00000000000004b8       0xb0 ../libopencm3/lib/libopencm3_stm32f4.a(rcc_common_all.o)
 .debug_frame   0x0000000000000568      0x13c ../libopencm3/lib/libopencm3_stm32f4.a(usb.o)
 .debug_frame   0x00000000000006a4      0x1ec ../libopencm3/lib/libopencm3_stm32f4.a(usb_standard.o)
 .debug_frame   0x0000000000000890      0x154 ../libopencm3/lib/libopencm3_stm32f4.a(usb_control.o)
 .debug_frame   0x00000000000009e4       0x28 ../libopencm3/lib/libopencm3_stm32f4.a(usb_f107.o)
 .debug_frame   0x0000000000000a0c       0x40 ../libopencm3/lib/libopencm3_stm32f4.a(vector.o)
 .debug_frame   0x0000000000000a4c       0x20 ../libopencm3/lib/libopencm3_stm32f4.a(pwr.o)
 .debug_frame   0x0000000000000a6c      0x118 ../libopencm3/lib/libopencm3_stm32f4.a(usb_fx07_common.o)

.debug_macro    0x0000000000000000     0x51e2
 .debug_macro   0x0000000000000000       0xad ../libopencm3/lib/libopencm3_stm32f4.a(desig.o)
 .debug_macro   0x00000000000000ad      0x8aa ../libopencm3/lib/libopencm3_stm32f4.a(desig.o)
 .debug_macro   0x0000000000000957       0x22 ../libopencm3/lib/libopencm3_stm32f4.a(desig.o)
 .debug_macro   0x0000000000000979       0x87 ../libopencm3/lib/libopencm3_stm32f4.a(desig.o)
 .debug_macro   0x0000000000000a00       0x51 ../libopencm3/lib/libopencm3_stm32f4.a(desig.o)
 .debug_macro   0x0000000000000a51       0xef ../libopencm3/lib/libopencm3_stm32f4.a(desig.o)
 .debug_macro   0x0000000000000b40       0x6a ../libopencm3/lib/libopencm3_stm32f4.a(desig.o)
 .debug_macro   0x0000000000000baa      0x1df ../libopencm3/lib/libopencm3_stm32f4.a(desig.o)
 .debug_macro   0x0000000000000d89       0x22 ../libopencm3/lib/libopencm3_stm32f4.a(desig.o)
 .debug_macro   0x0000000000000dab       0xfa ../libopencm3/lib/libopencm3_stm32f4.a(desig.o)
 .debug_macro   0x0000000000000ea5       0x58 ../libopencm3/lib/libopencm3_stm32f4.a(desig.o)
 .debug_macro   0x0000000000000efd      0x26d ../libopencm3/lib/libopencm3_stm32f4.a(desig.o)
 .debug_macro   0x000000000000116a      0x106 ../libopencm3/lib/libopencm3_stm32f4.a(rcc.o)
 .debug_macro   0x0000000000001270       0x16 ../libopencm3/lib/libopencm3_stm32f4.a(rcc.o)
 .debug_macro   0x0000000000001286      0xb38 ../libopencm3/lib/libopencm3_stm32f4.a(rcc.o)
 .debug_macro   0x0000000000001dbe       0x8e ../libopencm3/lib/libopencm3_stm32f4.a(rcc.o)
 .debug_macro   0x0000000000001e4c       0x22 ../libopencm3/lib/libopencm3_stm32f4.a(rcc.o)
 .debug_macro   0x0000000000001e6e       0x64 ../libopencm3/lib/libopencm3_stm32f4.a(rcc.o)
 .debug_macro   0x0000000000001ed2       0xf4 ../libopencm3/lib/libopencm3_stm32f4.a(rcc.o)
 .debug_macro   0x0000000000001fc6       0xd2 ../libopencm3/lib/libopencm3_stm32f4.a(gpio_common_all.o)
 .debug_macro   0x0000000000002098       0x76 ../libopencm3/lib/libopencm3_stm32f4.a(gpio_common_all.o)
 .debug_macro   0x000000000000210e      0x2e6 ../libopencm3/lib/libopencm3_stm32f4.a(gpio_common_all.o)
 .debug_macro   0x00000000000023f4      0x14e ../libopencm3/lib/libopencm3_stm32f4.a(gpio_common_all.o)
 .debug_macro   0x0000000000002542       0xd2 ../libopencm3/lib/libopencm3_stm32f4.a(gpio_common_f0234.o)
 .debug_macro   0x0000000000002614       0xc3 ../libopencm3/lib/libopencm3_stm32f4.a(flash_common_f234.o)
 .debug_macro   0x00000000000026d7       0xcf ../libopencm3/lib/libopencm3_stm32f4.a(rcc_common_all.o)
 .debug_macro   0x00000000000027a6      0x154 ../libopencm3/lib/libopencm3_stm32f4.a(usb.o)
 .debug_macro   0x00000000000028fa       0x4c ../libopencm3/lib/libopencm3_stm32f4.a(usb.o)
 .debug_macro   0x0000000000002946       0x8d ../libopencm3/lib/libopencm3_stm32f4.a(usb.o)
 .debug_macro   0x00000000000029d3       0x35 ../libopencm3/lib/libopencm3_stm32f4.a(usb.o)
 .debug_macro   0x0000000000002a08       0x9c ../libopencm3/lib/libopencm3_stm32f4.a(usb.o)
 .debug_macro   0x0000000000002aa4      0x174 ../libopencm3/lib/libopencm3_stm32f4.a(usb.o)
 .debug_macro   0x0000000000002c18       0x57 ../libopencm3/lib/libopencm3_stm32f4.a(usb.o)
 .debug_macro   0x0000000000002c6f       0x52 ../libopencm3/lib/libopencm3_stm32f4.a(usb.o)
 .debug_macro   0x0000000000002cc1       0x1f ../libopencm3/lib/libopencm3_stm32f4.a(usb.o)
 .debug_macro   0x0000000000002ce0       0x43 ../libopencm3/lib/libopencm3_stm32f4.a(usb.o)
 .debug_macro   0x0000000000002d23       0x20 ../libopencm3/lib/libopencm3_stm32f4.a(usb.o)
 .debug_macro   0x0000000000002d43      0x187 ../libopencm3/lib/libopencm3_stm32f4.a(usb.o)
 .debug_macro   0x0000000000002eca      0x30d ../libopencm3/lib/libopencm3_stm32f4.a(usb.o)
 .debug_macro   0x00000000000031d7       0x10 ../libopencm3/lib/libopencm3_stm32f4.a(usb.o)
 .debug_macro   0x00000000000031e7       0x35 ../libopencm3/lib/libopencm3_stm32f4.a(usb.o)
 .debug_macro   0x000000000000321c      0x196 ../libopencm3/lib/libopencm3_stm32f4.a(usb.o)
 .debug_macro   0x00000000000033b2       0x10 ../libopencm3/lib/libopencm3_stm32f4.a(usb.o)
 .debug_macro   0x00000000000033c2       0x1c ../libopencm3/lib/libopencm3_stm32f4.a(usb.o)
 .debug_macro   0x00000000000033de      0x154 ../libopencm3/lib/libopencm3_stm32f4.a(usb_standard.o)
 .debug_macro   0x0000000000003532      0x161 ../libopencm3/lib/libopencm3_stm32f4.a(usb_control.o)
 .debug_macro   0x0000000000003693       0x16 ../libopencm3/lib/libopencm3_stm32f4.a(usb_control.o)
 .debug_macro   0x00000000000036a9      0x10e ../libopencm3/lib/libopencm3_stm32f4.a(usb_control.o)
 .debug_macro   0x00000000000037b7       0x8d ../libopencm3/lib/libopencm3_stm32f4.a(usb_control.o)
 .debug_macro   0x0000000000003844       0x16 ../libopencm3/lib/libopencm3_stm32f4.a(usb_control.o)
 .debug_macro   0x000000000000385a       0x29 ../libopencm3/lib/libopencm3_stm32f4.a(usb_control.o)
 .debug_macro   0x0000000000003883      0x1b9 ../libopencm3/lib/libopencm3_stm32f4.a(usb_f107.o)
 .debug_macro   0x0000000000003a3c       0x3a ../libopencm3/lib/libopencm3_stm32f4.a(usb_f107.o)
 .debug_macro   0x0000000000003a76      0x8d7 ../libopencm3/lib/libopencm3_stm32f4.a(usb_f107.o)
 .debug_macro   0x000000000000434d      0x130 ../libopencm3/lib/libopencm3_stm32f4.a(usb_f107.o)
 .debug_macro   0x000000000000447d      0x19c ../libopencm3/lib/libopencm3_stm32f4.a(usb_f107.o)
 .debug_macro   0x0000000000004619       0xd4 ../libopencm3/lib/libopencm3_stm32f4.a(vector.o)
 .debug_macro   0x00000000000046ed      0x3a1 ../libopencm3/lib/libopencm3_stm32f4.a(vector.o)
 .debug_macro   0x0000000000004a8e       0x6a ../libopencm3/lib/libopencm3_stm32f4.a(vector.o)
 .debug_macro   0x0000000000004af8      0x22c ../libopencm3/lib/libopencm3_stm32f4.a(vector.o)
 .debug_macro   0x0000000000004d24       0xb9 ../libopencm3/lib/libopencm3_stm32f4.a(pwr.o)
 .debug_macro   0x0000000000004ddd      0x1b6 ../libopencm3/lib/libopencm3_stm32f4.a(usb_fx07_common.o)
 .debug_macro   0x0000000000004f93      0x24f ../libopencm3/lib/libopencm3_stm32f4.a(usb_fx07_common.o)
